Archive member included to satisfy reference by file (symbol)

C:/ST/STM32CubeIDE_1.16.0/STM32CubeIDE/plugins/com.st.stm32cube.ide.mcu.externaltools.gnu-tools-for-stm32.12.3.rel1.win32_1.0.200.202406191623/tools/bin/../lib/gcc/arm-none-eabi/12.3.1/../../../../arm-none-eabi/lib/thumb/v7-m/nofp\libc_nano.a(libc_a-exit.o)
                              C:/ST/STM32CubeIDE_1.16.0/STM32CubeIDE/plugins/com.st.stm32cube.ide.mcu.externaltools.gnu-tools-for-stm32.12.3.rel1.win32_1.0.200.202406191623/tools/bin/../lib/gcc/arm-none-eabi/12.3.1/../../../../arm-none-eabi/lib/thumb/v7-m/nofp/crt0.o (exit)
C:/ST/STM32CubeIDE_1.16.0/STM32CubeIDE/plugins/com.st.stm32cube.ide.mcu.externaltools.gnu-tools-for-stm32.12.3.rel1.win32_1.0.200.202406191623/tools/bin/../lib/gcc/arm-none-eabi/12.3.1/../../../../arm-none-eabi/lib/thumb/v7-m/nofp\libc_nano.a(libc_a-findfp.o)
                              C:/ST/STM32CubeIDE_1.16.0/STM32CubeIDE/plugins/com.st.stm32cube.ide.mcu.externaltools.gnu-tools-for-stm32.12.3.rel1.win32_1.0.200.202406191623/tools/bin/../lib/gcc/arm-none-eabi/12.3.1/../../../../arm-none-eabi/lib/thumb/v7-m/nofp\libc_nano.a(libc_a-exit.o) (__stdio_exit_handler)
C:/ST/STM32CubeIDE_1.16.0/STM32CubeIDE/plugins/com.st.stm32cube.ide.mcu.externaltools.gnu-tools-for-stm32.12.3.rel1.win32_1.0.200.202406191623/tools/bin/../lib/gcc/arm-none-eabi/12.3.1/../../../../arm-none-eabi/lib/thumb/v7-m/nofp\libc_nano.a(libc_a-fwalk.o)
                              C:/ST/STM32CubeIDE_1.16.0/STM32CubeIDE/plugins/com.st.stm32cube.ide.mcu.externaltools.gnu-tools-for-stm32.12.3.rel1.win32_1.0.200.202406191623/tools/bin/../lib/gcc/arm-none-eabi/12.3.1/../../../../arm-none-eabi/lib/thumb/v7-m/nofp\libc_nano.a(libc_a-findfp.o) (_fwalk_sglue)
C:/ST/STM32CubeIDE_1.16.0/STM32CubeIDE/plugins/com.st.stm32cube.ide.mcu.externaltools.gnu-tools-for-stm32.12.3.rel1.win32_1.0.200.202406191623/tools/bin/../lib/gcc/arm-none-eabi/12.3.1/../../../../arm-none-eabi/lib/thumb/v7-m/nofp\libc_nano.a(libc_a-stdio.o)
                              C:/ST/STM32CubeIDE_1.16.0/STM32CubeIDE/plugins/com.st.stm32cube.ide.mcu.externaltools.gnu-tools-for-stm32.12.3.rel1.win32_1.0.200.202406191623/tools/bin/../lib/gcc/arm-none-eabi/12.3.1/../../../../arm-none-eabi/lib/thumb/v7-m/nofp\libc_nano.a(libc_a-findfp.o) (__sread)
C:/ST/STM32CubeIDE_1.16.0/STM32CubeIDE/plugins/com.st.stm32cube.ide.mcu.externaltools.gnu-tools-for-stm32.12.3.rel1.win32_1.0.200.202406191623/tools/bin/../lib/gcc/arm-none-eabi/12.3.1/../../../../arm-none-eabi/lib/thumb/v7-m/nofp\libc_nano.a(libc_a-memset.o)
                              C:/ST/STM32CubeIDE_1.16.0/STM32CubeIDE/plugins/com.st.stm32cube.ide.mcu.externaltools.gnu-tools-for-stm32.12.3.rel1.win32_1.0.200.202406191623/tools/bin/../lib/gcc/arm-none-eabi/12.3.1/../../../../arm-none-eabi/lib/thumb/v7-m/nofp/crt0.o (memset)
C:/ST/STM32CubeIDE_1.16.0/STM32CubeIDE/plugins/com.st.stm32cube.ide.mcu.externaltools.gnu-tools-for-stm32.12.3.rel1.win32_1.0.200.202406191623/tools/bin/../lib/gcc/arm-none-eabi/12.3.1/../../../../arm-none-eabi/lib/thumb/v7-m/nofp\libc_nano.a(libc_a-closer.o)
                              C:/ST/STM32CubeIDE_1.16.0/STM32CubeIDE/plugins/com.st.stm32cube.ide.mcu.externaltools.gnu-tools-for-stm32.12.3.rel1.win32_1.0.200.202406191623/tools/bin/../lib/gcc/arm-none-eabi/12.3.1/../../../../arm-none-eabi/lib/thumb/v7-m/nofp\libc_nano.a(libc_a-stdio.o) (_close_r)
C:/ST/STM32CubeIDE_1.16.0/STM32CubeIDE/plugins/com.st.stm32cube.ide.mcu.externaltools.gnu-tools-for-stm32.12.3.rel1.win32_1.0.200.202406191623/tools/bin/../lib/gcc/arm-none-eabi/12.3.1/../../../../arm-none-eabi/lib/thumb/v7-m/nofp\libc_nano.a(libc_a-reent.o)
                              C:/ST/STM32CubeIDE_1.16.0/STM32CubeIDE/plugins/com.st.stm32cube.ide.mcu.externaltools.gnu-tools-for-stm32.12.3.rel1.win32_1.0.200.202406191623/tools/bin/../lib/gcc/arm-none-eabi/12.3.1/../../../../arm-none-eabi/lib/thumb/v7-m/nofp\libc_nano.a(libc_a-closer.o) (errno)
C:/ST/STM32CubeIDE_1.16.0/STM32CubeIDE/plugins/com.st.stm32cube.ide.mcu.externaltools.gnu-tools-for-stm32.12.3.rel1.win32_1.0.200.202406191623/tools/bin/../lib/gcc/arm-none-eabi/12.3.1/../../../../arm-none-eabi/lib/thumb/v7-m/nofp\libc_nano.a(libc_a-impure.o)
                              C:/ST/STM32CubeIDE_1.16.0/STM32CubeIDE/plugins/com.st.stm32cube.ide.mcu.externaltools.gnu-tools-for-stm32.12.3.rel1.win32_1.0.200.202406191623/tools/bin/../lib/gcc/arm-none-eabi/12.3.1/../../../../arm-none-eabi/lib/thumb/v7-m/nofp\libc_nano.a(libc_a-reent.o) (_impure_ptr)
C:/ST/STM32CubeIDE_1.16.0/STM32CubeIDE/plugins/com.st.stm32cube.ide.mcu.externaltools.gnu-tools-for-stm32.12.3.rel1.win32_1.0.200.202406191623/tools/bin/../lib/gcc/arm-none-eabi/12.3.1/../../../../arm-none-eabi/lib/thumb/v7-m/nofp\libc_nano.a(libc_a-lseekr.o)
[...]
Memory Configuration

Name             Origin             Length             Attributes
RAM              0x20000000         0x00005000         xrw
FLASH            0x08000000         0x00010000         xr
*default*        0x00000000         0xffffffff

Linker script and memory map

LOAD C:/ST/STM32CubeIDE_1.16.0/STM32CubeIDE/plugins/com.st.stm32cube.ide.mcu.externaltools.gnu-tools-for-stm32.12.3.rel1.win32_1.0.200.202406191623/tools/bin/../lib/gcc/arm-none-eabi/12.3.1/thumb/v7-m/nofp/crti.o
LOAD C:/ST/STM32CubeIDE_1.16.0/STM32CubeIDE/plugins/com.st.stm32cube.ide.mcu.externaltools.gnu-tools-for-stm32.12.3.rel1.win32_1.0.200.202406191623/tools/bin/../lib/gcc/arm-none-eabi/12.3.1/thumb/v7-m/nofp/crtbegin.o
LOAD C:/ST/STM32CubeIDE_1.16.0/STM32CubeIDE/plugins/com.st.stm32cube.ide.mcu.externaltools.gnu-tools-for-stm32.12.3.rel1.win32_1.0.200.202406191623/tools/bin/../lib/gcc/arm-none-eabi/12.3.1/../../../../arm-none-eabi/lib/thumb/v7-m/nofp/crt0.o
LOAD ./Startup/startup_stm32f103c8tx.o
LOAD ./lib/STM32F1xx_HAL_Driver/Src/stm32f1xx_hal.o
LOAD ./lib/STM32F1xx_HAL_Driver/Src/stm32f1xx_hal_cortex.o
LOAD ./lib/STM32F1xx_HAL_Driver/Src/stm32f1xx_hal_dma.o
LOAD ./lib/STM32F1xx_HAL_Driver/Src/stm32f1xx_hal_exti.o
LOAD ./lib/STM32F1xx_HAL_Driver/Src/stm32f1xx_hal_flash.o
LOAD ./lib/STM32F1xx_HAL_Driver/Src/stm32f1xx_hal_flash_ex.o
LOAD ./lib/STM32F1xx_HAL_Driver/Src/stm32f1xx_hal_gpio.o
LOAD ./lib/STM32F1xx_HAL_Driver/Src/stm32f1xx_hal_gpio_ex.o
LOAD ./lib/STM32F1xx_HAL_Driver/Src/stm32f1xx_hal_pwr.o
LOAD ./lib/STM32F1xx_HAL_Driver/Src/stm32f1xx_hal_rcc.o
LOAD ./lib/STM32F1xx_HAL_Driver/Src/stm32f1xx_hal_rcc_ex.o
LOAD ./lib/STM32F1xx_HAL_Driver/Src/stm32f1xx_hal_tim.o
LOAD ./lib/STM32F1xx_HAL_Driver/Src/stm32f1xx_hal_tim_ex.o
LOAD ./src/bsp/bsp.o
LOAD ./src/bsp/stm32f1xx_hal_msp.o
LOAD ./src/bsp/stm32f1xx_it.o
LOAD ./src/bsp/syscalls.o
LOAD ./src/bsp/sysmem.o
LOAD ./src/bsp/system_stm32f1xx.o
LOAD ./src/common/cli.o
LOAD ./src/common/cli_gui.o
LOAD ./src/common/log.o
LOAD ./src/common/maths.o
LOAD ./src/common/ring_buffer.o
LOAD ./src/hw/gpio.o
LOAD ./src/hw/tim.o
LOAD ./src/main.o
START GROUP
LOAD C:/ST/STM32CubeIDE_1.16.0/STM32CubeIDE/plugins/com.st.stm32cube.ide.mcu.externaltools.gnu-tools-for-stm32.12.3.rel1.win32_1.0.200.202406191623/tools/bin/../lib/gcc/arm-none-eabi/12.3.1/../../../../arm-none-eabi/lib/thumb/v7-m/nofp\libc_nano.a
LOAD C:/ST/STM32CubeIDE_1.16.0/STM32CubeIDE/plugins/com.st.stm32cube.ide.mcu.externaltools.gnu-tools-for-stm32.12.3.rel1.win32_1.0.200.202406191623/tools/bin/../lib/gcc/arm-none-eabi/12.3.1/../../../../arm-none-eabi/lib/thumb/v7-m/nofp\libm.a
END GROUP
START GROUP
LOAD C:/ST/STM32CubeIDE_1.16.0/STM32CubeIDE/plugins/com.st.stm32cube.ide.mcu.externaltools.gnu-tools-for-stm32.12.3.rel1.win32_1.0.200.202406191623/tools/bin/../lib/gcc/arm-none-eabi/12.3.1/thumb/v7-m/nofp\libgcc.a
LOAD C:/ST/STM32CubeIDE_1.16.0/STM32CubeIDE/plugins/com.st.stm32cube.ide.mcu.externaltools.gnu-tools-for-stm32.12.3.rel1.win32_1.0.200.202406191623/tools/bin/../lib/gcc/arm-none-eabi/12.3.1/../../../../arm-none-eabi/lib/thumb/v7-m/nofp\libc_nano.a
END GROUP
START GROUP
LOAD C:/ST/STM32CubeIDE_1.16.0/STM32CubeIDE/plugins/com.st.stm32cube.ide.mcu.externaltools.gnu-tools-for-stm32.12.3.rel1.win32_1.0.200.202406191623/tools/bin/../lib/gcc/arm-none-eabi/12.3.1/thumb/v7-m/nofp\libgcc.a
LOAD C:/ST/STM32CubeIDE_1.16.0/STM32CubeIDE/plugins/com.st.stm32cube.ide.mcu.externaltools.gnu-tools-for-stm32.12.3.rel1.win32_1.0.200.202406191623/tools/bin/../lib/gcc/arm-none-eabi/12.3.1/../../../../arm-none-eabi/lib/thumb/v7-m/nofp\libc_nano.a
LOAD C:/ST/STM32CubeIDE_1.16.0/STM32CubeIDE/plugins/com.st.stm32cube.ide.mcu.externaltools.gnu-tools-for-stm32.12.3.rel1.win32_1.0.200.202406191623/tools/bin/../lib/gcc/arm-none-eabi/12.3.1/../../../../arm-none-eabi/lib/thumb/v7-m/nofp\libnosys.a
END GROUP
START GROUP
LOAD C:/ST/STM32CubeIDE_1.16.0/STM32CubeIDE/plugins/com.st.stm32cube.ide.mcu.externaltools.gnu-tools-for-stm32.12.3.rel1.win32_1.0.200.202406191623/tools/bin/../lib/gcc/arm-none-eabi/12.3.1/thumb/v7-m/nofp\libgcc.a
LOAD C:/ST/STM32CubeIDE_1.16.0/STM32CubeIDE/plugins/com.st.stm32cube.ide.mcu.externaltools.gnu-tools-for-stm32.12.3.rel1.win32_1.0.200.202406191623/tools/bin/../lib/gcc/arm-none-eabi/12.3.1/../../../../arm-none-eabi/lib/thumb/v7-m/nofp\libc_nano.a
LOAD C:/ST/STM32CubeIDE_1.16.0/STM32CubeIDE/plugins/com.st.stm32cube.ide.mcu.externaltools.gnu-tools-for-stm32.12.3.rel1.win32_1.0.200.202406191623/tools/bin/../lib/gcc/arm-none-eabi/12.3.1/../../../../arm-none-eabi/lib/thumb/v7-m/nofp\libnosys.a
END GROUP
LOAD C:/ST/STM32CubeIDE_1.16.0/STM32CubeIDE/plugins/com.st.stm32cube.ide.mcu.externaltools.gnu-tools-for-stm32.12.3.rel1.win32_1.0.200.202406191623/tools/bin/../lib/gcc/arm-none-eabi/12.3.1/thumb/v7-m/nofp/crtend.o
LOAD C:/ST/STM32CubeIDE_1.16.0/STM32CubeIDE/plugins/com.st.stm32cube.ide.mcu.externaltools.gnu-tools-for-stm32.12.3.rel1.win32_1.0.200.202406191623/tools/bin/../lib/gcc/arm-none-eabi/12.3.1/thumb/v7-m/nofp/crtn.o
                0x20005000                        _estack = (ORIGIN (RAM) + LENGTH (RAM))
                0x00000200                        _Min_Heap_Size = 0x200
                0x00000400                        _Min_Stack_Size = 0x400

.isr_vector     0x08000000      0x10c
                0x08000000                        . = ALIGN (0x4)
 *(.isr_vector)
 .isr_vector    0x08000000      0x10c ./Startup/startup_stm32f103c8tx.o
                0x08000000                g_pfnVectors
                0x0800010c                        . = ALIGN (0x4)

.text           0x0800010c     0x1d50
                0x0800010c                        . = ALIGN (0x4)
 *(.text)
 .text          0x0800010c       0x40 C:/ST/STM32CubeIDE_1.16.0/STM32CubeIDE/plugins/com.st.stm32cube.ide.mcu.externaltools.gnu-tools-for-stm32.12.3.rel1.win32_1.0.200.202406191623/tools/bin/../lib/gcc/arm-none-eabi/12.3.1/thumb/v7-m/nofp/crtbegin.o
 *(.text*)
 .text.Reset_Handler
                0x0800014c       0x48 ./Startup/startup_stm32f103c8tx.o
                0x0800014c                Reset_Handler
 .text.Default_Handler
                0x08000194        0x2 ./Startup/startup_stm32f103c8tx.o
                0x08000194                RTC_Alarm_IRQHandler
                0x08000194                EXTI2_IRQHandler
                0x08000194                TIM1_CC_IRQHandler
                0x08000194                PVD_IRQHandler
                0x08000194                EXTI3_IRQHandler
                0x08000194                EXTI0_IRQHandler
                0x08000194                I2C2_EV_IRQHandler
                0x08000194                ADC1_2_IRQHandler
                0x08000194                SPI1_IRQHandler
                0x08000194                TAMPER_IRQHandler
                0x08000194                DMA1_Channel4_IRQHandler
                0x08000194                USART3_IRQHandler
                0x08000194                RTC_IRQHandler
                0x08000194                DMA1_Channel7_IRQHandler
                0x08000194                CAN1_RX1_IRQHandler
                0x08000194                TIM4_IRQHandler
                0x08000194                I2C1_EV_IRQHandler
                0x08000194                DMA1_Channel6_IRQHandler
                0x08000194                RCC_IRQHandler
                0x08000194                TIM1_TRG_COM_IRQHandler
                0x08000194                DMA1_Channel1_IRQHandler
                0x08000194                Default_Handler
                0x08000194                EXTI15_10_IRQHandler
                0x08000194                EXTI9_5_IRQHandler
                0x08000194                SPI2_IRQHandler
                0x08000194                DMA1_Channel5_IRQHandler
                0x08000194                EXTI4_IRQHandler
                0x08000194                USB_LP_CAN1_RX0_IRQHandler
                0x08000194                USB_HP_CAN1_TX_IRQHandler
                0x08000194                DMA1_Channel3_IRQHandler
                0x08000194                TIM1_UP_IRQHandler
                0x08000194                WWDG_IRQHandler
                0x08000194                TIM2_IRQHandler
                0x08000194                TIM1_BRK_IRQHandler
                0x08000194                EXTI1_IRQHandler
                0x08000194                USART2_IRQHandler
                0x08000194                I2C2_ER_IRQHandler
                0x08000194                DMA1_Channel2_IRQHandler
                0x08000194                CAN1_SCE_IRQHandler
                0x08000194                FLASH_IRQHandler
                0x08000194                USART1_IRQHandler
                0x08000194                I2C1_ER_IRQHandler
                0x08000194                USBWakeUp_IRQHandler
 *fill*         0x08000196        0x2 
 .text.HAL_Init
                0x08000198       0x2c ./lib/STM32F1xx_HAL_Driver/Src/stm32f1xx_hal.o
                0x08000198                HAL_Init
 .text.HAL_InitTick
                0x080001c4       0x60 ./lib/STM32F1xx_HAL_Driver/Src/stm32f1xx_hal.o
                0x080001c4                HAL_InitTick
 .text.HAL_IncTick
                0x08000224       0x24 ./lib/STM32F1xx_HAL_Driver/Src/stm32f1xx_hal.o
                0x08000224                HAL_IncTick
 .text.HAL_GetTick
                0x08000248       0x14 ./lib/STM32F1xx_HAL_Driver/Src/stm32f1xx_hal.o
                0x08000248                HAL_GetTick
 .text.HAL_Delay
                0x0800025c       0x48 ./lib/STM32F1xx_HAL_Driver/Src/stm32f1xx_hal.o
                0x0800025c                HAL_Delay
 .text.__NVIC_SetPriorityGrouping
                0x080002a4       0x48 ./lib/STM32F1xx_HAL_Driver/Src/stm32f1xx_hal_cortex.o
 .text.__NVIC_GetPriorityGrouping
                0x080002ec       0x1c ./lib/STM32F1xx_HAL_Driver/Src/stm32f1xx_hal_cortex.o
 .text.__NVIC_EnableIRQ
                0x08000308       0x38 ./lib/STM32F1xx_HAL_Driver/Src/stm32f1xx_hal_cortex.o
 .text.__NVIC_SetPriority
                0x08000340       0x54 ./lib/STM32F1xx_HAL_Driver/Src/stm32f1xx_hal_cortex.o
 .text.NVIC_EncodePriority
                0x08000394       0x64 ./lib/STM32F1xx_HAL_Driver/Src/stm32f1xx_hal_cortex.o
 .text.SysTick_Config
                0x080003f8       0x44 ./lib/STM32F1xx_HAL_Driver/Src/stm32f1xx_hal_cortex.o
 .text.HAL_NVIC_SetPriorityGrouping
                0x0800043c       0x16 ./lib/STM32F1xx_HAL_Driver/Src/stm32f1xx_hal_cortex.o
                0x0800043c                HAL_NVIC_SetPriorityGrouping
 .text.HAL_NVIC_SetPriority
                0x08000452       0x38 ./lib/STM32F1xx_HAL_Driver/Src/stm32f1xx_hal_cortex.o
                0x08000452                HAL_NVIC_SetPriority
 .text.HAL_NVIC_EnableIRQ
                0x0800048a       0x1c ./lib/STM32F1xx_HAL_Driver/Src/stm32f1xx_hal_cortex.o
                0x0800048a                HAL_NVIC_EnableIRQ
 .text.HAL_SYSTICK_Config
                0x080004a6       0x18 ./lib/STM32F1xx_HAL_Driver/Src/stm32f1xx_hal_cortex.o
                0x080004a6                HAL_SYSTICK_Config
 *fill*         0x080004be        0x2 
 .text.HAL_GPIO_Init
                0x080004c0      0x308 ./lib/STM32F1xx_HAL_Driver/Src/stm32f1xx_hal_gpio.o
                0x080004c0                HAL_GPIO_Init
 .text.HAL_GPIO_WritePin
                0x080007c8       0x30 ./lib/STM32F1xx_HAL_Driver/Src/stm32f1xx_hal_gpio.o
                0x080007c8                HAL_GPIO_WritePin
 .text.HAL_GPIO_TogglePin
                0x080007f8       0x32 ./lib/STM32F1xx_HAL_Driver/Src/stm32f1xx_hal_gpio.o
                0x080007f8                HAL_GPIO_TogglePin
 *fill*         0x0800082a        0x2 
 .text.HAL_RCC_OscConfig
                0x0800082c      0x504 ./lib/STM32F1xx_HAL_Driver/Src/stm32f1xx_hal_rcc.o
                0x0800082c                HAL_RCC_OscConfig
 .text.HAL_RCC_ClockConfig
                0x08000d30      0x1d4 ./lib/STM32F1xx_HAL_Driver/Src/stm32f1xx_hal_rcc.o
                0x08000d30                HAL_RCC_ClockConfig
 .text.HAL_RCC_GetSysClockFreq
                0x08000f04       0xa8 ./lib/STM32F1xx_HAL_Driver/Src/stm32f1xx_hal_rcc.o
                0x08000f04                HAL_RCC_GetSysClockFreq
 .text.RCC_Delay
                0x08000fac       0x3c ./lib/STM32F1xx_HAL_Driver/Src/stm32f1xx_hal_rcc.o
 .text.HAL_TIM_Base_Init
                0x08000fe8       0x9e ./lib/STM32F1xx_HAL_Driver/Src/stm32f1xx_hal_tim.o
                0x08000fe8                HAL_TIM_Base_Init
 *fill*         0x08001086        0x2 
 .text.HAL_TIM_Base_Start_IT
                0x08001088       0xa4 ./lib/STM32F1xx_HAL_Driver/Src/stm32f1xx_hal_tim.o
                0x08001088                HAL_TIM_Base_Start_IT
 .text.HAL_TIM_IRQHandler
                0x0800112c      0x1e0 ./lib/STM32F1xx_HAL_Driver/Src/stm32f1xx_hal_tim.o
                0x0800112c                HAL_TIM_IRQHandler
 .text.HAL_TIM_SlaveConfigSynchro
                0x0800130c       0x84 ./lib/STM32F1xx_HAL_Driver/Src/stm32f1xx_hal_tim.o
                0x0800130c                HAL_TIM_SlaveConfigSynchro
 .text.HAL_TIM_OC_DelayElapsedCallback
                0x08001390       0x12 ./lib/STM32F1xx_HAL_Driver/Src/stm32f1xx_hal_tim.o
                0x08001390                HAL_TIM_OC_DelayElapsedCallback
 .text.HAL_TIM_IC_CaptureCallback
                0x080013a2       0x12 ./lib/STM32F1xx_HAL_Driver/Src/stm32f1xx_hal_tim.o
                0x080013a2                HAL_TIM_IC_CaptureCallback
 .text.HAL_TIM_PWM_PulseFinishedCallback
                0x080013b4       0x12 ./lib/STM32F1xx_HAL_Driver/Src/stm32f1xx_hal_tim.o
                0x080013b4                HAL_TIM_PWM_PulseFinishedCallback
 .text.HAL_TIM_TriggerCallback
                0x080013c6       0x12 ./lib/STM32F1xx_HAL_Driver/Src/stm32f1xx_hal_tim.o
                0x080013c6                HAL_TIM_TriggerCallback
 .text.TIM_Base_SetConfig
                0x080013d8       0xdc ./lib/STM32F1xx_HAL_Driver/Src/stm32f1xx_hal_tim.o
                0x080013d8                TIM_Base_SetConfig
 .text.TIM_SlaveTimer_SetConfig
                0x080014b4      0x122 ./lib/STM32F1xx_HAL_Driver/Src/stm32f1xx_hal_tim.o
 .text.TIM_TI1_ConfigInputStage
                0x080015d6       0x5c ./lib/STM32F1xx_HAL_Driver/Src/stm32f1xx_hal_tim.o
 .text.TIM_TI2_ConfigInputStage
                0x08001632       0x5e ./lib/STM32F1xx_HAL_Driver/Src/stm32f1xx_hal_tim.o
 .text.TIM_ETR_SetConfig
                0x08001690       0x3e ./lib/STM32F1xx_HAL_Driver/Src/stm32f1xx_hal_tim.o
                0x08001690                TIM_ETR_SetConfig
 *fill*         0x080016ce        0x2 
 .text.HAL_TIMEx_MasterConfigSynchronization
                0x080016d0       0xbc ./lib/STM32F1xx_HAL_Driver/Src/stm32f1xx_hal_tim_ex.o
                0x080016d0                HAL_TIMEx_MasterConfigSynchronization
 .text.HAL_TIMEx_CommutCallback
                0x0800178c       0x12 ./lib/STM32F1xx_HAL_Driver/Src/stm32f1xx_hal_tim_ex.o
                0x0800178c                HAL_TIMEx_CommutCallback
 .text.HAL_TIMEx_BreakCallback
                0x0800179e       0x12 ./lib/STM32F1xx_HAL_Driver/Src/stm32f1xx_hal_tim_ex.o
                0x0800179e                HAL_TIMEx_BreakCallback
 .text.HAL_MspInit
                0x080017b0       0x64 ./src/bsp/stm32f1xx_hal_msp.o
                0x080017b0                HAL_MspInit
 .text.NMI_Handler
                0x08001814        0x8 ./src/bsp/stm32f1xx_it.o
                0x08001814                NMI_Handler
 .text.HardFault_Handler
                0x0800181c        0x8 ./src/bsp/stm32f1xx_it.o
                0x0800181c                HardFault_Handler
 .text.MemManage_Handler
                0x08001824        0x8 ./src/bsp/stm32f1xx_it.o
                0x08001824                MemManage_Handler
 .text.BusFault_Handler
                0x0800182c        0x8 ./src/bsp/stm32f1xx_it.o
                0x0800182c                BusFault_Handler
 .text.UsageFault_Handler
                0x08001834        0x8 ./src/bsp/stm32f1xx_it.o
                0x08001834                UsageFault_Handler
 .text.SVC_Handler
                0x0800183c        0xc ./src/bsp/stm32f1xx_it.o
                0x0800183c                SVC_Handler
 .text.DebugMon_Handler
                0x08001848        0xc ./src/bsp/stm32f1xx_it.o
                0x08001848                DebugMon_Handler
 .text.PendSV_Handler
                0x08001854        0xc ./src/bsp/stm32f1xx_it.o
                0x08001854                PendSV_Handler
 .text.SysTick_Handler
                0x08001860        0xc ./src/bsp/stm32f1xx_it.o
                0x08001860                SysTick_Handler
 .text.TIM3_IRQHandler
                0x0800186c       0x14 ./src/bsp/stm32f1xx_it.o
                0x0800186c                TIM3_IRQHandler
 .text.SystemInit
                0x08001880        0xc ./src/bsp/system_stm32f1xx.o
                0x08001880                SystemInit
 .text.gpioInit
                0x0800188c       0xa0 ./src/hw/gpio.o
                0x0800188c                gpioInit
 .text.gpioPinMode
                0x0800192c      0x10c ./src/hw/gpio.o
                0x0800192c                gpioPinMode
 .text.gpioPinWrite
                0x08001a38       0xa4 ./src/hw/gpio.o
                0x08001a38                gpioPinWrite
 .text.gpioPinToggle
                0x08001adc       0x48 ./src/hw/gpio.o
                0x08001adc                gpioPinToggle
 .text.tim_Init
                0x08001b24       0x50 ./src/hw/tim.o
                0x08001b24                tim_Init
 .text.timBegin
                0x08001b74       0xf8 ./src/hw/tim.o
                0x08001b74                timBegin
 .text.HAL_TIM_PeriodElapsedCallback
                0x08001c6c       0x64 ./src/hw/tim.o
                0x08001c6c                HAL_TIM_PeriodElapsedCallback
 .text.HAL_TIM_Base_MspInit
                0x08001cd0       0x4c ./src/hw/tim.o
                0x08001cd0                HAL_TIM_Base_MspInit
 .text.main     0x08001d1c       0x22 ./src/main.o
                0x08001d1c                main
 .text.hwInit   0x08001d3e       0x16 ./src/main.o
                0x08001d3e                hwInit
 .text.SystemClock_Config
                0x08001d54       0x8a ./src/main.o
                0x08001d54                SystemClock_Config
 .text.Error_Handler
                0x08001dde        0xc ./src/main.o
                0x08001dde                Error_Handler
 .text.memset   0x08001dea       0x10 C:/ST/STM32CubeIDE_1.16.0/STM32CubeIDE/plugins/com.st.stm32cube.ide.mcu.externaltools.gnu-tools-for-stm32.12.3.rel1.win32_1.0.200.202406191623/tools/bin/../lib/gcc/arm-none-eabi/12.3.1/../../../../arm-none-eabi/lib/thumb/v7-m/nofp\libc_nano.a(libc_a-memset.o)
                0x08001dea                memset
 *fill*         0x08001dfa        0x2 
 .text.__libc_init_array
                0x08001dfc       0x48 C:/ST/STM32CubeIDE_1.16.0/STM32CubeIDE/plugins/com.st.stm32cube.ide.mcu.externaltools.gnu-tools-for-stm32.12.3.rel1.win32_1.0.200.202406191623/tools/bin/../lib/gcc/arm-none-eabi/12.3.1/../../../../arm-none-eabi/lib/thumb/v7-m/nofp\libc_nano.a(libc_a-init.o)
                0x08001dfc                __libc_init_array
 *(.glue_7)
 .glue_7        0x08001e44        0x0 linker stubs
 *(.glue_7t)
 .glue_7t       0x08001e44        0x0 linker stubs
 *(.eh_frame)
 .eh_frame      0x08001e44        0x0 C:/ST/STM32CubeIDE_1.16.0/STM32CubeIDE/plugins/com.st.stm32cube.ide.mcu.externaltools.gnu-tools-for-stm32.12.3.rel1.win32_1.0.200.202406191623/tools/bin/../lib/gcc/arm-none-eabi/12.3.1/thumb/v7-m/nofp/crtbegin.o
 *(.init)
 .init          0x08001e44        0x4 C:/ST/STM32CubeIDE_1.16.0/STM32CubeIDE/plugins/com.st.stm32cube.ide.mcu.externaltools.gnu-tools-for-stm32.12.3.rel1.win32_1.0.200.202406191623/tools/bin/../lib/gcc/arm-none-eabi/12.3.1/thumb/v7-m/nofp/crti.o
                0x08001e44                _init
 .init          0x08001e48        0x8 C:/ST/STM32CubeIDE_1.16.0/STM32CubeIDE/plugins/com.st.stm32cube.ide.mcu.externaltools.gnu-tools-for-stm32.12.3.rel1.win32_1.0.200.202406191623/tools/bin/../lib/gcc/arm-none-eabi/12.3.1/thumb/v7-m/nofp/crtn.o
 *(.fini)
 .fini          0x08001e50        0x4 C:/ST/STM32CubeIDE_1.16.0/STM32CubeIDE/plugins/com.st.stm32cube.ide.mcu.externaltools.gnu-tools-for-stm32.12.3.rel1.win32_1.0.200.202406191623/tools/bin/../lib/gcc/arm-none-eabi/12.3.1/thumb/v7-m/nofp/crti.o
                0x08001e50                _fini
 .fini          0x08001e54        0x8 C:/ST/STM32CubeIDE_1.16.0/STM32CubeIDE/plugins/com.st.stm32cube.ide.mcu.externaltools.gnu-tools-for-stm32.12.3.rel1.win32_1.0.200.202406191623/tools/bin/../lib/gcc/arm-none-eabi/12.3.1/thumb/v7-m/nofp/crtn.o
                0x08001e5c                        . = ALIGN (0x4)
                0x08001e5c                        _etext = .

.vfp11_veneer   0x08001e5c        0x0
 .vfp11_veneer  0x08001e5c        0x0 linker stubs

.v4_bx          0x08001e5c        0x0
 .v4_bx         0x08001e5c        0x0 linker stubs

.iplt           0x08001e5c        0x0
 .iplt          0x08001e5c        0x0 C:/ST/STM32CubeIDE_1.16.0/STM32CubeIDE/plugins/com.st.stm32cube.ide.mcu.externaltools.gnu-tools-for-stm32.12.3.rel1.win32_1.0.200.202406191623/tools/bin/../lib/gcc/arm-none-eabi/12.3.1/thumb/v7-m/nofp/crtbegin.o

.rodata         0x08001e5c       0x30
                0x08001e5c                        . = ALIGN (0x4)
 *(.rodata)
 *(.rodata*)
 .rodata.aPLLMULFactorTable.1
                0x08001e5c       0x10 ./lib/STM32F1xx_HAL_Driver/Src/stm32f1xx_hal_rcc.o
 .rodata.aPredivFactorTable.0
                0x08001e6c        0x2 ./lib/STM32F1xx_HAL_Driver/Src/stm32f1xx_hal_rcc.o
 *fill*         0x08001e6e        0x2 
 .rodata.AHBPrescTable
                0x08001e70       0x10 ./src/bsp/system_stm32f1xx.o
                0x08001e70                AHBPrescTable
 .rodata.gpio_tbl
                0x08001e80        0xc ./src/hw/gpio.o
                0x08001e80                gpio_tbl
                0x08001e8c                        . = ALIGN (0x4)

.ARM.extab      0x08001e8c        0x0
                0x08001e8c                        . = ALIGN (0x4)
 *(.ARM.extab* .gnu.linkonce.armextab.*)
                0x08001e8c                        . = ALIGN (0x4)

.ARM            0x08001e8c        0x0
                0x08001e8c                        . = ALIGN (0x4)
                0x08001e8c                        __exidx_start = .
 *(.ARM.exidx*)
                0x08001e8c                        __exidx_end = .
                0x08001e8c                        . = ALIGN (0x4)

.preinit_array  0x08001e8c        0x0
                0x08001e8c                        . = ALIGN (0x4)
                0x08001e8c                        PROVIDE (__preinit_array_start = .)
 *(.preinit_array*)
                0x08001e8c                        PROVIDE (__preinit_array_end = .)
                0x08001e8c                        . = ALIGN (0x4)

.init_array     0x08001e8c        0x4
                0x08001e8c                        . = ALIGN (0x4)
                0x08001e8c                        PROVIDE (__init_array_start = .)
 *(SORT_BY_NAME(.init_array.*))
 *(.init_array*)
 .init_array    0x08001e8c        0x4 C:/ST/STM32CubeIDE_1.16.0/STM32CubeIDE/plugins/com.st.stm32cube.ide.mcu.externaltools.gnu-tools-for-stm32.12.3.rel1.win32_1.0.200.202406191623/tools/bin/../lib/gcc/arm-none-eabi/12.3.1/thumb/v7-m/nofp/crtbegin.o
                0x08001e90                        PROVIDE (__init_array_end = .)
                0x08001e90                        . = ALIGN (0x4)

.fini_array     0x08001e90        0x4
                0x08001e90                        . = ALIGN (0x4)
                [!provide]                        PROVIDE (__fini_array_start = .)
 *(SORT_BY_NAME(.fini_array.*))
 *(.fini_array*)
 .fini_array    0x08001e90        0x4 C:/ST/STM32CubeIDE_1.16.0/STM32CubeIDE/plugins/com.st.stm32cube.ide.mcu.externaltools.gnu-tools-for-stm32.12.3.rel1.win32_1.0.200.202406191623/tools/bin/../lib/gcc/arm-none-eabi/12.3.1/thumb/v7-m/nofp/crtbegin.o
                [!provide]                        PROVIDE (__fini_array_end = .)
                0x08001e94                        . = ALIGN (0x4)
                0x08001e94                        _sidata = LOADADDR (.data)

.rel.dyn        0x08001e94        0x0
 .rel.iplt      0x08001e94        0x0 C:/ST/STM32CubeIDE_1.16.0/STM32CubeIDE/plugins/com.st.stm32cube.ide.mcu.externaltools.gnu-tools-for-stm32.12.3.rel1.win32_1.0.200.202406191623/tools/bin/../lib/gcc/arm-none-eabi/12.3.1/thumb/v7-m/nofp/crtbegin.o

.data           0x20000000        0xc load address 0x08001e94
                0x20000000                        . = ALIGN (0x4)
                0x20000000                        _sdata = .
 *(.data)
 *(.data*)
 .data.uwTickPrio
                0x20000000        0x4 ./lib/STM32F1xx_HAL_Driver/Src/stm32f1xx_hal.o
                0x20000000                uwTickPrio
 .data.uwTickFreq
                0x20000004        0x1 ./lib/STM32F1xx_HAL_Driver/Src/stm32f1xx_hal.o
                0x20000004                uwTickFreq
 *fill*         0x20000005        0x3 
 .data.SystemCoreClock
                0x20000008        0x4 ./src/bsp/system_stm32f1xx.o
                0x20000008                SystemCoreClock
 *(.RamFunc)
 *(.RamFunc*)
                0x2000000c                        . = ALIGN (0x4)
                0x2000000c                        _edata = .

.igot.plt       0x2000000c        0x0 load address 0x08001ea0
 .igot.plt      0x2000000c        0x0 C:/ST/STM32CubeIDE_1.16.0/STM32CubeIDE/plugins/com.st.stm32cube.ide.mcu.externaltools.gnu-tools-for-stm32.12.3.rel1.win32_1.0.200.202406191623/tools/bin/../lib/gcc/arm-none-eabi/12.3.1/thumb/v7-m/nofp/crtbegin.o
                0x2000000c                        . = ALIGN (0x4)

.bss            0x2000000c       0x80 load address 0x08001ea0
                0x2000000c                        _sbss = .
                0x2000000c                        __bss_start__ = _sbss
 *(.bss)
 .bss           0x2000000c       0x1c C:/ST/STM32CubeIDE_1.16.0/STM32CubeIDE/plugins/com.st.stm32cube.ide.mcu.externaltools.gnu-tools-for-stm32.12.3.rel1.win32_1.0.200.202406191623/tools/bin/../lib/gcc/arm-none-eabi/12.3.1/thumb/v7-m/nofp/crtbegin.o
 *(.bss*)
 .bss.uwTick    0x20000028        0x4 ./lib/STM32F1xx_HAL_Driver/Src/stm32f1xx_hal.o
                0x20000028                uwTick
 .bss.tim_tbl   0x2000002c       0x18 ./src/hw/tim.o
                0x2000002c                tim_tbl
 .bss.htim3     0x20000044       0x48 ./src/hw/tim.o
                0x20000044                htim3
 *(COMMON)
                0x2000008c                        . = ALIGN (0x4)
                0x2000008c                        _ebss = .
                0x2000008c                        __bss_end__ = _ebss

._user_heap_stack
                0x2000008c      0x604 load address 0x08001ea0
                0x20000090                        . = ALIGN (0x8)
 *fill*         0x2000008c        0x4 
                [!provide]                        PROVIDE (end = .)
                0x20000090                        PROVIDE (_end = .)
                0x20000290                        . = (. + _Min_Heap_Size)
 *fill*         0x20000090      0x200 
                0x20000690                        . = (. + _Min_Stack_Size)
 *fill*         0x20000290      0x400 
                0x20000690                        . = ALIGN (0x8)

/DISCARD/
 libc.a(*)
 libm.a(*)
 libgcc.a(*)

.ARM.attributes
                0x00000000       0x29
 *(.ARM.attributes)
 .ARM.attributes
                0x00000000       0x1d C:/ST/STM32CubeIDE_1.16.0/STM32CubeIDE/plugins/com.st.stm32cube.ide.mcu.externaltools.gnu-tools-for-stm32.12.3.rel1.win32_1.0.200.202406191623/tools/bin/../lib/gcc/arm-none-eabi/12.3.1/thumb/v7-m/nofp/crti.o
 .ARM.attributes
                0x0000001d       0x2d C:/ST/STM32CubeIDE_1.16.0/STM32CubeIDE/plugins/com.st.stm32cube.ide.mcu.externaltools.gnu-tools-for-stm32.12.3.rel1.win32_1.0.200.202406191623/tools/bin/../lib/gcc/arm-none-eabi/12.3.1/thumb/v7-m/nofp/crtbegin.o
 .ARM.attributes
                0x0000004a       0x21 ./Startup/startup_stm32f103c8tx.o
 .ARM.attributes
                0x0000006b       0x2d ./lib/STM32F1xx_HAL_Driver/Src/stm32f1xx_hal.o
 .ARM.attributes
                0x00000098       0x2d ./lib/STM32F1xx_HAL_Driver/Src/stm32f1xx_hal_cortex.o
 .ARM.attributes
                0x000000c5       0x2d ./lib/STM32F1xx_HAL_Driver/Src/stm32f1xx_hal_gpio.o
 .ARM.attributes
                0x000000f2       0x2d ./lib/STM32F1xx_HAL_Driver/Src/stm32f1xx_hal_rcc.o
 .ARM.attributes
                0x0000011f       0x2d ./lib/STM32F1xx_HAL_Driver/Src/stm32f1xx_hal_tim.o
 .ARM.attributes
                0x0000014c       0x2d ./lib/STM32F1xx_HAL_Driver/Src/stm32f1xx_hal_tim_ex.o
 .ARM.attributes
                0x00000179       0x2d ./src/bsp/stm32f1xx_hal_msp.o
 .ARM.attributes
                0x000001a6       0x2d ./src/bsp/stm32f1xx_it.o
 .ARM.attributes
                0x000001d3       0x2d ./src/bsp/system_stm32f1xx.o
 .ARM.attributes
                0x00000200       0x2d ./src/hw/gpio.o
 .ARM.attributes
                0x0000022d       0x2d ./src/hw/tim.o
 .ARM.attributes
                0x0000025a       0x2d ./src/main.o
 .ARM.attributes
                0x00000287       0x2d C:/ST/STM32CubeIDE_1.16.0/STM32CubeIDE/plugins/com.st.stm32cube.ide.mcu.externaltools.gnu-tools-for-stm32.12.3.rel1.win32_1.0.200.202406191623/tools/bin/../lib/gcc/arm-none-eabi/12.3.1/../../../../arm-none-eabi/lib/thumb/v7-m/nofp\libc_nano.a(libc_a-memset.o)
 .ARM.attributes
                0x000002b4       0x2d C:/ST/STM32CubeIDE_1.16.0/STM32CubeIDE/plugins/com.st.stm32cube.ide.mcu.externaltools.gnu-tools-for-stm32.12.3.rel1.win32_1.0.200.202406191623/tools/bin/../lib/gcc/arm-none-eabi/12.3.1/../../../../arm-none-eabi/lib/thumb/v7-m/nofp\libc_nano.a(libc_a-init.o)
 .ARM.attributes
                0x000002e1       0x1d C:/ST/STM32CubeIDE_1.16.0/STM32CubeIDE/plugins/com.st.stm32cube.ide.mcu.externaltools.gnu-tools-for-stm32.12.3.rel1.win32_1.0.200.202406191623/tools/bin/../lib/gcc/arm-none-eabi/12.3.1/thumb/v7-m/nofp/crtn.o
OUTPUT(stm32f103.elf elf32-littlearm)
LOAD linker stubs
LOAD C:/ST/STM32CubeIDE_1.16.0/STM32CubeIDE/plugins/com.st.stm32cube.ide.mcu.externaltools.gnu-tools-for-stm32.12.3.rel1.win32_1.0.200.202406191623/tools/bin/../lib/gcc/arm-none-eabi/12.3.1/../../../../arm-none-eabi/lib/thumb/v7-m/nofp\libc.a
LOAD C:/ST/STM32CubeIDE_1.16.0/STM32CubeIDE/plugins/com.st.stm32cube.ide.mcu.externaltools.gnu-tools-for-stm32.12.3.rel1.win32_1.0.200.202406191623/tools/bin/../lib/gcc/arm-none-eabi/12.3.1/../../../../arm-none-eabi/lib/thumb/v7-m/nofp\libm.a
LOAD C:/ST/STM32CubeIDE_1.16.0/STM32CubeIDE/plugins/com.st.stm32cube.ide.mcu.externaltools.gnu-tools-for-stm32.12.3.rel1.win32_1.0.200.202406191623/tools/bin/../lib/gcc/arm-none-eabi/12.3.1/thumb/v7-m/nofp\libgcc.a

.debug_line     0x00000000     0xc2b7
 .debug_line    0x00000000       0x78 ./Startup/startup_stm32f103c8tx.o
 .debug_line    0x00000078      0xa8c ./lib/STM32F1xx_HAL_Driver/Src/stm32f1xx_hal.o
 .debug_line    0x00000b04      0xc78 ./lib/STM32F1xx_HAL_Driver/Src/stm32f1xx_hal_cortex.o
 .debug_line    0x0000177c      0xb25 ./lib/STM32F1xx_HAL_Driver/Src/stm32f1xx_hal_gpio.o
 .debug_line    0x000022a1      0xe95 ./lib/STM32F1xx_HAL_Driver/Src/stm32f1xx_hal_rcc.o
 .debug_line    0x00003136     0x35b1 ./lib/STM32F1xx_HAL_Driver/Src/stm32f1xx_hal_tim.o
 .debug_line    0x000066e7     0x19db ./lib/STM32F1xx_HAL_Driver/Src/stm32f1xx_hal_tim_ex.o
 .debug_line    0x000080c2      0xadd ./src/bsp/stm32f1xx_hal_msp.o
 .debug_line    0x00008b9f      0xbb6 ./src/bsp/stm32f1xx_it.o
 .debug_line    0x00009755      0x862 ./src/bsp/system_stm32f1xx.o
 .debug_line    0x00009fb7      0xbff ./src/hw/gpio.o
 .debug_line    0x0000abb6      0xbd3 ./src/hw/tim.o
 .debug_line    0x0000b789      0xb2e ./src/main.o

.debug_line_str
                0x00000000       0x61
 .debug_line_str
                0x00000000       0x61 ./Startup/startup_stm32f103c8tx.o

.debug_info     0x00000000     0x7b91
 .debug_info    0x00000000       0x30 ./Startup/startup_stm32f103c8tx.o
 .debug_info    0x00000030      0x704 ./lib/STM32F1xx_HAL_Driver/Src/stm32f1xx_hal.o
 .debug_info    0x00000734      0xa87 ./lib/STM32F1xx_HAL_Driver/Src/stm32f1xx_hal_cortex.o
 .debug_info    0x000011bb      0x5ab ./lib/STM32F1xx_HAL_Driver/Src/stm32f1xx_hal_gpio.o
 .debug_info    0x00001766      0x7d5 ./lib/STM32F1xx_HAL_Driver/Src/stm32f1xx_hal_rcc.o
 .debug_info    0x00001f3b     0x2959 ./lib/STM32F1xx_HAL_Driver/Src/stm32f1xx_hal_tim.o
 .debug_info    0x00004894     0x149b ./lib/STM32F1xx_HAL_Driver/Src/stm32f1xx_hal_tim_ex.o
 .debug_info    0x00005d2f      0x206 ./src/bsp/stm32f1xx_hal_msp.o
 .debug_info    0x00005f35      0x6b6 ./src/bsp/stm32f1xx_it.o
 .debug_info    0x000065eb      0x222 ./src/bsp/system_stm32f1xx.o
 .debug_info    0x0000680d      0x4a4 ./src/hw/gpio.o
 .debug_info    0x00006cb1      0xbba ./src/hw/tim.o
 .debug_info    0x0000786b      0x326 ./src/main.o

.debug_abbrev   0x00000000     0x18d3
 .debug_abbrev  0x00000000       0x24 ./Startup/startup_stm32f103c8tx.o
 .debug_abbrev  0x00000024      0x201 ./lib/STM32F1xx_HAL_Driver/Src/stm32f1xx_hal.o
 .debug_abbrev  0x00000225      0x2f8 ./lib/STM32F1xx_HAL_Driver/Src/stm32f1xx_hal_cortex.o
 .debug_abbrev  0x0000051d      0x1ca ./lib/STM32F1xx_HAL_Driver/Src/stm32f1xx_hal_gpio.o
 .debug_abbrev  0x000006e7      0x2b3 ./lib/STM32F1xx_HAL_Driver/Src/stm32f1xx_hal_rcc.o
 .debug_abbrev  0x0000099a      0x277 ./lib/STM32F1xx_HAL_Driver/Src/stm32f1xx_hal_tim.o
 .debug_abbrev  0x00000c11      0x282 ./lib/STM32F1xx_HAL_Driver/Src/stm32f1xx_hal_tim_ex.o
 .debug_abbrev  0x00000e93       0xdb ./src/bsp/stm32f1xx_hal_msp.o
 .debug_abbrev  0x00000f6e      0x191 ./src/bsp/stm32f1xx_it.o
 .debug_abbrev  0x000010ff      0x13f ./src/bsp/system_stm32f1xx.o
 .debug_abbrev  0x0000123e      0x1f5 ./src/hw/gpio.o
 .debug_abbrev  0x00001433      0x2b4 ./src/hw/tim.o
 .debug_abbrev  0x000016e7      0x1ec ./src/main.o

.debug_aranges  0x00000000      0x998
 .debug_aranges
                0x00000000       0x28 ./Startup/startup_stm32f103c8tx.o
 .debug_aranges
                0x00000028       0xe0 ./lib/STM32F1xx_HAL_Driver/Src/stm32f1xx_hal.o
 .debug_aranges
                0x00000108      0x100 ./lib/STM32F1xx_HAL_Driver/Src/stm32f1xx_hal_cortex.o
 .debug_aranges
                0x00000208       0x58 ./lib/STM32F1xx_HAL_Driver/Src/stm32f1xx_hal_gpio.o
 .debug_aranges
                0x00000260       0x90 ./lib/STM32F1xx_HAL_Driver/Src/stm32f1xx_hal_rcc.o
 .debug_aranges
                0x000002f0      0x3d0 ./lib/STM32F1xx_HAL_Driver/Src/stm32f1xx_hal_tim.o
 .debug_aranges
                0x000006c0      0x168 ./lib/STM32F1xx_HAL_Driver/Src/stm32f1xx_hal_tim_ex.o
 .debug_aranges
                0x00000828       0x20 ./src/bsp/stm32f1xx_hal_msp.o
 .debug_aranges
                0x00000848       0x68 ./src/bsp/stm32f1xx_it.o
 .debug_aranges
                0x000008b0       0x28 ./src/bsp/system_stm32f1xx.o
 .debug_aranges
                0x000008d8       0x40 ./src/hw/gpio.o
 .debug_aranges
                0x00000918       0x48 ./src/hw/tim.o
 .debug_aranges
                0x00000960       0x38 ./src/main.o

.debug_str      0x00000000    0x8c482
 .debug_str     0x00000000       0x7d ./Startup/startup_stm32f103c8tx.o
 .debug_str     0x0000007d    0x81d44 ./lib/STM32F1xx_HAL_Driver/Src/stm32f1xx_hal.o
                              0x82200 (size before relaxing)
 .debug_str     0x00081dc1      0x2cb ./lib/STM32F1xx_HAL_Driver/Src/stm32f1xx_hal_cortex.o
                              0x8214c (size before relaxing)
 .debug_str     0x0008208c      0x3a5 ./lib/STM32F1xx_HAL_Driver/Src/stm32f1xx_hal_gpio.o
                              0x81e53 (size before relaxing)
 .debug_str     0x00082431      0x377 ./lib/STM32F1xx_HAL_Driver/Src/stm32f1xx_hal_rcc.o
                              0x81efc (size before relaxing)
 .debug_str     0x000827a8     0x12e3 ./lib/STM32F1xx_HAL_Driver/Src/stm32f1xx_hal_tim.o
                              0x82efe (size before relaxing)
 .debug_str     0x00083a8b      0x4ff ./lib/STM32F1xx_HAL_Driver/Src/stm32f1xx_hal_tim_ex.o
                              0x8270a (size before relaxing)
 .debug_str     0x00083f8a     0x827f ./src/bsp/stm32f1xx_hal_msp.o
                              0x89d53 (size before relaxing)
 .debug_str     0x0008c209       0xd2 ./src/bsp/stm32f1xx_it.o
                              0x8a259 (size before relaxing)
 .debug_str     0x0008c2db       0x51 ./src/bsp/system_stm32f1xx.o
                              0x81ad0 (size before relaxing)
 .debug_str     0x0008c32c       0x99 ./src/hw/gpio.o
                              0x89e61 (size before relaxing)
 .debug_str     0x0008c3c5       0x82 ./src/hw/tim.o
                              0x8a703 (size before relaxing)
 .debug_str     0x0008c447       0x3b ./src/main.o
                              0x89ebf (size before relaxing)

.debug_rnglists
                0x00000000      0x75d
 .debug_rnglists
                0x00000000       0x19 ./Startup/startup_stm32f103c8tx.o
 .debug_rnglists
                0x00000019       0xa3 ./lib/STM32F1xx_HAL_Driver/Src/stm32f1xx_hal.o
 .debug_rnglists
                0x000000bc       0xbb ./lib/STM32F1xx_HAL_Driver/Src/stm32f1xx_hal_cortex.o
 .debug_rnglists
                0x00000177       0x3f ./lib/STM32F1xx_HAL_Driver/Src/stm32f1xx_hal_gpio.o
 .debug_rnglists
                0x000001b6       0x6c ./lib/STM32F1xx_HAL_Driver/Src/stm32f1xx_hal_rcc.o
 .debug_rnglists
                0x00000222      0x31a ./lib/STM32F1xx_HAL_Driver/Src/stm32f1xx_hal_tim.o
 .debug_rnglists
                0x0000053c      0x125 ./lib/STM32F1xx_HAL_Driver/Src/stm32f1xx_hal_tim_ex.o
 .debug_rnglists
                0x00000661       0x13 ./src/bsp/stm32f1xx_hal_msp.o
 .debug_rnglists
                0x00000674       0x49 ./src/bsp/stm32f1xx_it.o
 .debug_rnglists
                0x000006bd       0x1a ./src/bsp/system_stm32f1xx.o
 .debug_rnglists
                0x000006d7       0x2e ./src/hw/gpio.o
 .debug_rnglists
                0x00000705       0x32 ./src/hw/tim.o
 .debug_rnglists
                0x00000737       0x26 ./src/main.o

.debug_macro    0x00000000    0x1732b
 .debug_macro   0x00000000      0x1bd ./lib/STM32F1xx_HAL_Driver/Src/stm32f1xx_hal.o
 .debug_macro   0x000001bd      0xaa8 ./lib/STM32F1xx_HAL_Driver/Src/stm32f1xx_hal.o
 .debug_macro   0x00000c65      0x215 ./lib/STM32F1xx_HAL_Driver/Src/stm32f1xx_hal.o
 .debug_macro   0x00000e7a       0x2e ./lib/STM32F1xx_HAL_Driver/Src/stm32f1xx_hal.o
 .debug_macro   0x00000ea8       0x22 ./lib/STM32F1xx_HAL_Driver/Src/stm32f1xx_hal.o
 .debug_macro   0x00000eca       0x22 ./lib/STM32F1xx_HAL_Driver/Src/stm32f1xx_hal.o
 .debug_macro   0x00000eec       0x8e ./lib/STM32F1xx_HAL_Driver/Src/stm32f1xx_hal.o
 .debug_macro   0x00000f7a       0x51 ./lib/STM32F1xx_HAL_Driver/Src/stm32f1xx_hal.o
 .debug_macro   0x00000fcb      0x103 ./lib/STM32F1xx_HAL_Driver/Src/stm32f1xx_hal.o
 .debug_macro   0x000010ce       0x6a ./lib/STM32F1xx_HAL_Driver/Src/stm32f1xx_hal.o
 .debug_macro   0x00001138      0x1df ./lib/STM32F1xx_HAL_Driver/Src/stm32f1xx_hal.o
 .debug_macro   0x00001317       0x1c ./lib/STM32F1xx_HAL_Driver/Src/stm32f1xx_hal.o
 .debug_macro   0x00001333       0x22 ./lib/STM32F1xx_HAL_Driver/Src/stm32f1xx_hal.o
 .debug_macro   0x00001355       0xbd ./lib/STM32F1xx_HAL_Driver/Src/stm32f1xx_hal.o
 .debug_macro   0x00001412      0xd23 ./lib/STM32F1xx_HAL_Driver/Src/stm32f1xx_hal.o
 .debug_macro   0x00002135     0xe09e ./lib/STM32F1xx_HAL_Driver/Src/stm32f1xx_hal.o
 .debug_macro   0x000101d3       0x6d ./lib/STM32F1xx_HAL_Driver/Src/stm32f1xx_hal.o
 .debug_macro   0x00010240     0x34a2 ./lib/STM32F1xx_HAL_Driver/Src/stm32f1xx_hal.o
 .debug_macro   0x000136e2      0x189 ./lib/STM32F1xx_HAL_Driver/Src/stm32f1xx_hal.o
 .debug_macro   0x0001386b       0x5c ./lib/STM32F1xx_HAL_Driver/Src/stm32f1xx_hal.o
 .debug_macro   0x000138c7      0x5bc ./lib/STM32F1xx_HAL_Driver/Src/stm32f1xx_hal.o
 .debug_macro   0x00013e83      0x289 ./lib/STM32F1xx_HAL_Driver/Src/stm32f1xx_hal.o
 .debug_macro   0x0001410c      0x1cb ./lib/STM32F1xx_HAL_Driver/Src/stm32f1xx_hal.o
 .debug_macro   0x000142d7      0x114 ./lib/STM32F1xx_HAL_Driver/Src/stm32f1xx_hal.o
 .debug_macro   0x000143eb      0x1b2 ./lib/STM32F1xx_HAL_Driver/Src/stm32f1xx_hal.o
 .debug_macro   0x0001459d       0x27 ./lib/STM32F1xx_HAL_Driver/Src/stm32f1xx_hal.o
 .debug_macro   0x000145c4      0x136 ./lib/STM32F1xx_HAL_Driver/Src/stm32f1xx_hal.o
 .debug_macro   0x000146fa      0x1bc ./lib/STM32F1xx_HAL_Driver/Src/stm32f1xx_hal.o
 .debug_macro   0x000148b6       0x34 ./lib/STM32F1xx_HAL_Driver/Src/stm32f1xx_hal.o
 .debug_macro   0x000148ea       0x3c ./lib/STM32F1xx_HAL_Driver/Src/stm32f1xx_hal.o
 .debug_macro   0x00014926       0x57 ./lib/STM32F1xx_HAL_Driver/Src/stm32f1xx_hal.o
 .debug_macro   0x0001497d       0x87 ./lib/STM32F1xx_HAL_Driver/Src/stm32f1xx_hal.o
 .debug_macro   0x00014a04      0x240 ./lib/STM32F1xx_HAL_Driver/Src/stm32f1xx_hal.o
 .debug_macro   0x00014c44      0x140 ./lib/STM32F1xx_HAL_Driver/Src/stm32f1xx_hal.o
 .debug_macro   0x00014d84      0x8ed ./lib/STM32F1xx_HAL_Driver/Src/stm32f1xx_hal.o
 .debug_macro   0x00015671       0x83 ./lib/STM32F1xx_HAL_Driver/Src/stm32f1xx_hal.o
 .debug_macro   0x000156f4      0x199 ./lib/STM32F1xx_HAL_Driver/Src/stm32f1xx_hal_cortex.o
 .debug_macro   0x0001588d      0x204 ./lib/STM32F1xx_HAL_Driver/Src/stm32f1xx_hal_gpio.o
 .debug_macro   0x00015a91      0x1ab ./lib/STM32F1xx_HAL_Driver/Src/stm32f1xx_hal_rcc.o
 .debug_macro   0x00015c3c      0x19a ./lib/STM32F1xx_HAL_Driver/Src/stm32f1xx_hal_tim.o
 .debug_macro   0x00015dd6      0x199 ./lib/STM32F1xx_HAL_Driver/Src/stm32f1xx_hal_tim_ex.o
 .debug_macro   0x00015f6f      0x383 ./src/bsp/stm32f1xx_hal_msp.o
 .debug_macro   0x000162f2       0x61 ./src/bsp/stm32f1xx_hal_msp.o
 .debug_macro   0x00016353       0x2e ./src/bsp/stm32f1xx_hal_msp.o
 .debug_macro   0x00016381      0x38d ./src/bsp/stm32f1xx_it.o
 .debug_macro   0x0001670e      0x199 ./src/bsp/system_stm32f1xx.o
 .debug_macro   0x000168a7      0x384 ./src/hw/gpio.o
 .debug_macro   0x00016c2b      0x37d ./src/hw/tim.o
 .debug_macro   0x00016fa8      0x383 ./src/main.o

.comment        0x00000000       0x43
 .comment       0x00000000       0x43 ./lib/STM32F1xx_HAL_Driver/Src/stm32f1xx_hal.o
                                 0x44 (size before relaxing)
 .comment       0x00000043       0x44 ./lib/STM32F1xx_HAL_Driver/Src/stm32f1xx_hal_cortex.o
 .comment       0x00000043       0x44 ./lib/STM32F1xx_HAL_Driver/Src/stm32f1xx_hal_gpio.o
 .comment       0x00000043       0x44 ./lib/STM32F1xx_HAL_Driver/Src/stm32f1xx_hal_rcc.o
 .comment       0x00000043       0x44 ./lib/STM32F1xx_HAL_Driver/Src/stm32f1xx_hal_tim.o
 .comment       0x00000043       0x44 ./lib/STM32F1xx_HAL_Driver/Src/stm32f1xx_hal_tim_ex.o
 .comment       0x00000043       0x44 ./src/bsp/stm32f1xx_hal_msp.o
 .comment       0x00000043       0x44 ./src/bsp/stm32f1xx_it.o
 .comment       0x00000043       0x44 ./src/bsp/system_stm32f1xx.o
 .comment       0x00000043       0x44 ./src/hw/gpio.o
 .comment       0x00000043       0x44 ./src/hw/tim.o
 .comment       0x00000043       0x44 ./src/main.o

.debug_frame    0x00000000     0x26e8
 .debug_frame   0x00000000      0x334 ./lib/STM32F1xx_HAL_Driver/Src/stm32f1xx_hal.o
 .debug_frame   0x00000334      0x428 ./lib/STM32F1xx_HAL_Driver/Src/stm32f1xx_hal_cortex.o
 .debug_frame   0x0000075c      0x14c ./lib/STM32F1xx_HAL_Driver/Src/stm32f1xx_hal_gpio.o
 .debug_frame   0x000008a8      0x218 ./lib/STM32F1xx_HAL_Driver/Src/stm32f1xx_hal_rcc.o
 .debug_frame   0x00000ac0     0x11b8 ./lib/STM32F1xx_HAL_Driver/Src/stm32f1xx_hal_tim.o
 .debug_frame   0x00001c78      0x638 ./lib/STM32F1xx_HAL_Driver/Src/stm32f1xx_hal_tim_ex.o
 .debug_frame   0x000022b0       0x38 ./src/bsp/stm32f1xx_hal_msp.o
 .debug_frame   0x000022e8      0x120 ./src/bsp/stm32f1xx_it.o
 .debug_frame   0x00002408       0x58 ./src/bsp/system_stm32f1xx.o
 .debug_frame   0x00002460       0xc8 ./src/hw/gpio.o
 .debug_frame   0x00002528       0xf0 ./src/hw/tim.o
 .debug_frame   0x00002618       0x84 ./src/main.o
 .debug_frame   0x0000269c       0x20 C:/ST/STM32CubeIDE_1.16.0/STM32CubeIDE/plugins/com.st.stm32cube.ide.mcu.externaltools.gnu-tools-for-stm32.12.3.rel1.win32_1.0.200.202406191623/tools/bin/../lib/gcc/arm-none-eabi/12.3.1/../../../../arm-none-eabi/lib/thumb/v7-m/nofp\libc_nano.a(libc_a-memset.o)
 .debug_frame   0x000026bc       0x2c C:/ST/STM32CubeIDE_1.16.0/STM32CubeIDE/plugins/com.st.stm32cube.ide.mcu.externaltools.gnu-tools-for-stm32.12.3.rel1.win32_1.0.200.202406191623/tools/bin/../lib/gcc/arm-none-eabi/12.3.1/../../../../arm-none-eabi/lib/thumb/v7-m/nofp\libc_nano.a(libc_a-init.o)
